<div class="body" role="main">
 <section id="django-setup-config">
  <h1>
   Using the setup_configuration management command
   <a class="headerlink" href="#django-setup-config" title="Link to this heading">
    ¶
   </a>
  </h1>
  <p>
   You can use the included
   <code class="docutils literal notranslate">
    <span class="pre">
     setup_configuration
    </span>
   </code>
   management command to configure your
instance from a yaml file as follows:
  </p>
  <div class="highlight-bash notranslate">
   <div class="highlight">
    <pre><span></span>python<span class="w"> </span>manage.py<span class="w"> </span>setup_configuration<span class="w"> </span>--yaml-file<span class="w"> </span>/path/to/config.yaml
</pre>
   </div>
  </div>
  <p>
   You can also validate that the configuration source can be successfully loaded,
without actually running the steps, by adding the
   <code class="docutils literal notranslate">
    <span class="pre">
     validate-only
    </span>
   </code>
   flag:
  </p>
  <div class="highlight-bash notranslate">
   <div class="highlight">
    <pre><span></span>python<span class="w"> </span>manage.py<span class="w"> </span>setup_configuration<span class="w"> </span>--yaml-file<span class="w"> </span>/path/to/config.yaml<span class="w"> </span>--validate-only
</pre>
   </div>
  </div>
  <p>
   Both commands will either return 0 and a success message if the configuration file can
be loaded without issues, otherwise it will return a non-zero exit code and print any
validation errors.
  </p>
  <p>
   Your YAML file should contain both a flag indicating whether the step is enabled or
disabled, as well as an object containing the actual configuration values under the
appropriate key.
  </p>
  <div class="admonition note">
   <p class="admonition-title">
    Note
   </p>
   <p>
    All steps are disabled by default. You only have to explicitly include the
flag to enable a step, not to disable it, though you may do so if you wish to
have an explicit record of what steps are disabled.
   </p>
  </div>
  <p>
   Further information can be found at the
   <a class="reference external" href="https://django-setup-configuration.readthedocs.io/en/0.10.0/quickstart.html#command-usage">
    django-setup-configuration
   </a>
   documentation.
  </p>
  <p>
   This projects includes the following configuration steps (click on each step for a
brief descripion and an example YAML you can include in your config file):
  </p>
  <ul class="simple">
   <li>
    <p>
     <a class="reference external" href="#testapp.configuration.UserConfigurationStep">
      User Configuration
     </a>
    </p>
   </li>
  </ul>
 </section>
 <section id="testapp.configuration.UserConfigurationStep">
  <h1>
   User Configuration
   <a class="headerlink" href="#testapp.configuration.UserConfigurationStep" title="Link to this heading">
    ¶
   </a>
  </h1>
  <blockquote id="ref-step-testapp-configuration-userconfigurationstep">
   <div>
    <p>
     Set up an initial user.
    </p>
   </div>
  </blockquote>
  <div class="highlight-yaml notranslate">
   <div class="highlight">
    <pre><span></span><span class="nt">user_configuration_enabled</span><span class="p">:</span><span class="w"> </span><span class="l l-Scalar l-Scalar-Plain">true</span>
<span class="nt">user_configuration</span><span class="p">:</span>

<span class="w">  </span><span class="c1"># DESCRIPTION: Required. 150 characters or fewer. Letters, digits and @/./+/-/_</span>
<span class="w">  </span><span class="c1"># only.</span>
<span class="w">  </span><span class="c1"># REQUIRED: true</span>
<span class="w">  </span><span class="nt">username</span><span class="p">:</span><span class="w"> </span><span class="l l-Scalar l-Scalar-Plain">example_string</span>

<span class="w">  </span><span class="c1"># REQUIRED: true</span>
<span class="w">  </span><span class="nt">password</span><span class="p">:</span><span class="w"> </span><span class="l l-Scalar l-Scalar-Plain">example_string</span>
</pre>
   </div>
  </div>
 </section>
 <div class="clearer">
 </div>
</div>
